// Jest Snapshot v1, https://goo.gl/fbAQLP

exports[`StackLoading renders 1`] = `
<div
  style={
    Object {
      "alignItems": "center",
      "display": "flex",
      "flexDirection": "column",
      "flexGrow": 1,
      "justifyContent": "center",
    }
  }
>
  <span
    style={
      Object {
        "marginTop": 16,
      }
    }
  >
    Finding tweets...
  </span>
</div>
`;
